Kelly Ziemer Code
Project 1, Step 2

Steps detailed below are:
-Cloned repository
-Created a folder "project1"
-Created a text file
-Edited the text file to add my add, commit, push codes of GitHub repo
-Ran commands and pushed to Github

# Commands to Add, Commit, and Push Changes to the Repo
(base) kellyziemer@android-87df4c5d23131d0e ~ % cd
(base) kellyziemer@android-87df4c5d23131d0e ~ % pwd
/Users/kellyziemer
(base) kellyziemer@android-87df4c5d23131d0e ~ % cd Desktop/
(base) kellyziemer@android-87df4c5d23131d0e Desktop % cd GitHub
(base) kellyziemer@android-87df4c5d23131d0e GitHub % pwd
/Users/kellyziemer/Desktop/GitHub
(base) kellyziemer@android-87df4c5d23131d0e GitHub % git clone https://github.com/kellylziemer/-Computational-Social-Science-Projects.git
Cloning into '-Computational-Social-Science-Projects'...
remote: Enumerating objects: 3, done.
remote: Counting objects: 100% (3/3), done.
remote: Total 3 (delta 0), reused 0 (delta 0), pack-reused 0
Receiving objects: 100% (3/3), done.
(base) kellyziemer@android-87df4c5d23131d0e GitHub % pwd
/Users/kellyziemer/Desktop/GitHub
(base) kellyziemer@android-87df4c5d23131d0e GitHub % cd -Computational-Social-Science-Projects
(base) kellyziemer@android-87df4c5d23131d0e -Computational-Social-Science-Projects % ls
README.md
(base) kellyziemer@android-87df4c5d23131d0e -Computational-Social-Science-Projects % vim README.md
(base) kellyziemer@android-87df4c5d23131d0e -Computational-Social-Science-Projects % cat README.md
# -Computational-Social-Science-Projects
woohoo! I did it and created a folder and read me file via the terminal.
(base) kellyziemer@android-87df4c5d23131d0e -Computational-Social-Science-Projects % mkdir Project1
(base) kellyziemer@android-87df4c5d23131d0e Github % echo this is some text > myfile.txt
(base) kellyziemer@android-87df4c5d23131d0e -Computational-Social-Science-Projects % git status
On branch main
Your branch is up to date with 'origin/main'.
(base) kellyziemer@android-87df4c5d23131d0e -Computational-Social-Science-Projects % git add README.md
(base) kellyziemer@android-87df4c5d23131d0e -Computational-Social-Science-Projects % git commit -m "add a meaningful message here"
[main 6edb712] add a meaningful message here
 1 file changed, 4 insertions(+), 1 deletion(-)
(base) kellyziemer@android-87df4c5d23131d0e -Computational-Social-Science-Projects % git push
Enumerating objects: 5, done.
Counting objects: 100% (5/5), done.
Delta compression using up to 8 threads
Compressing objects: 100% (2/2), done.
Writing objects: 100% (3/3), 351 bytes | 351.00 KiB/s, done.
Total 3 (delta 0), reused 0 (delta 0), pack-reused 0
